// Jest Snapshot v1, https://goo.gl/fbAQLP

exports[`should render ExpenseList with expenses 1`] = `
<div>
  <Connect(ExpenseListItem)
    amount={95000}
    createdAt={345600000}
    description="Rent"
    id="1"
    key="Rent"
    note=""
  />
  <Connect(ExpenseListItem)
    amount={195}
    createdAt={0}
    description="Gum"
    id="2"
    key="Gum"
    note=""
  />
  <Connect(ExpenseListItem)
    amount={300}
    createdAt={-345600000}
    description="Coffee"
    id="3"
    key="Coffee"
    note=""
  />
</div>
`;

exports[`should render with no ExpenseList 1`] = `
<div>
  <p>
    No expenses
  </p>
</div>
`;
